
> backend@0.0.1 test:e2e
> vitest run --config ./vitest.config.e2e.mts src/infra/http/controllers/reduce-sheet-stock.controller.e2e-spec.ts


[7m[1m[36m RUN [39m[22m[27m [36mv1.6.1[39m [90mC:/Users/luanf/www/projects/metalizze/backend[39m

node.exe : Loaded Prisma config from prisma.config.ts.
No linha:1 caractere:1
+ & "C:\Program Files\nodejs/node.exe" 
"C:\Users\luanf\AppData\Roaming\ ...
+ ~~~~~~~~~~~~~~~~~~~~~~~~~~~~~~~~~~~~~~~~~~~~~~~~~~~~~~~~~
~~~~~~~~~~~~
    + CategoryInfo          : NotSpecified: (Loaded Prisma 
    c...isma.config.ts.:String) [], RemoteException
    + FullyQualifiedErrorId : NativeCommandError
 

Prisma schema loaded from prisma\schema.prisma.
[90mstdout[2m | src/infra/http/controllers/reduce-sheet-stock.controller.e2e-spec.ts[2m > [22m[2mReduce Sheet Stock (E2E)[2m > [22m[2m[POST] /sheets/:id/reduce-stock[22m[39m
{
  message: [32m'Validation failed'[39m,
  statusCode: [33m400[39m,
  errors: [32m'Validation error: Invalid input: expected object, received string'[39m
}

 [33m❯[39m src/infra/http/controllers/reduce-sheet-stock.controller.e2e-spec.ts [2m ([22m[2m1 test[22m [2m|[22m [31m1 failed[39m[2m)[22m[33m 2294[2mms[22m[39m
[31m   [33m❯[31m src/infra/http/controllers/reduce-sheet-stock.controller.e2e-spec.ts[2m > [22mReduce Sheet Stock (E2E)[2m > [22m[POST] /sheets/:id/reduce-stock[39m
[31m     → expected 400 to be 204 // Object.is equality[39m

[31m⎯⎯⎯⎯⎯⎯⎯[1m[7m Failed Tests 1 [27m[22m⎯⎯⎯⎯⎯⎯⎯[39m

[31m[1m[7m FAIL [27m[22m[39m src/infra/http/controlle
rs/reduce-sheet-stock.controller.e2e-spec.ts[2m > 
[22mReduce Sheet Stock (E2E)[2m > [22m[POST] 
/sheets/:id/reduce-stock
[31m[1mAssertionError[22m: expected 400 to be 204 // 
Object.is equality[39m

[32m- Expected[39m
[31m+ Received[39m

[32m- 204[39m
[31m+ 400[39m

[36m [2m❯[22m src/infra/http/controllers/reduce-sheet-st
ock.controller.e2e-spec.ts:[2m59:33[22m[39m
    [90m 57| [39m
    [90m 58| [39m    [90m// 3. Verificações[39m
    [90m 59| [39m    [34mexpect[39m(response[33m.[39m
statusCode)[33m.[39m[34mtoBe[39m([34m204[39m)
    [90m   | [39m                                
[31m^[39m
    [90m 60| [39m  })
    [90m 61| [39m})

[31m[2m⎯⎯⎯⎯⎯⎯⎯⎯⎯⎯⎯⎯⎯⎯⎯⎯⎯⎯⎯⎯⎯⎯⎯⎯[1/1]⎯[22m[39m

[2m Test Files [22m [1m[31m1 failed[39m[22m[90m (1)[39m
[2m      Tests [22m [1m[31m1 failed[39m[22m[90m (1)[39m
[2m   Start at [22m 16:18:39
[2m   Duration [22m 3.78s[2m (transform 190ms, setup 55ms, collect 1.08s, tests 2.29s, environment 0ms, prepare 116ms)[22m

